env: load .env.local
env: export VERCEL_OIDC_TOKEN
- Installing CocoaPods...
✔ Installed CocoaPods
› Skipping dev server
› Using --device CA722C16-13E5-4579-A876-638F0C1C51C6
› Planning build
› Executing react-native Pods/ReactNativeDependencies » [CP-User] [RNDeps] Replace React Native Dependencies for the right configuration, if needed
› Executing react-native Pods/hermes-engine » [CP-User] [Hermes] Replace Hermes for the right configuration, if needed
› Preparing Pods/React-timing-React-timing_privacy » ResourceBundle-React-timing_privacy-React-timing-Info.plist
› Preparing Pods/ExpoFileSystem-ExpoFileSystem_privacy » ResourceBundle-ExpoFileSystem_privacy-ExpoFileSystem-Info.plist
› Executing react-native Pods/ReactNativeDependencies » [CP] Copy XCFrameworks
› Executing react-native Pods/hermes-engine » [CP] Copy XCFrameworks
› Executing react-native Pods/React-Core-prebuilt » [CP-User] [RNCore] Replace React Native Core for the right configuration, if needed
› Executing react-native Pods/React-Core-prebuilt » [CP] Copy XCFrameworks
› Preparing Pods/React-cxxreact-React-cxxreact_privacy » ResourceBundle-React-cxxreact_privacy-React-cxxreact-Info.plist
› Preparing Pods/React-Core-React-Core_privacy » ResourceBundle-React-Core_privacy-React-Core-Info.plist
› Executing react-native Pods/React-RCTFBReactNativeSpec » [CP-User] [RN]Check FBReactNativeSpec
› Executing expo-modules-jsi Pods/ExpoModulesJSI » [CP-User] Build ExpoModulesJSI xcframework
› Executing @expo/log-box Pods/ExpoLogBox » Copy generated compatibility header
› Executing @sotto/client Pods/ReactCodegen » [CP-User] Generate Specs
› Executing @sotto/client Pods/ReactCodegen » [Expo] Remove duplicate codegen output
› Compiling @sotto/client Pods/ReactCodegen » ComponentDescriptors.cpp
› Compiling react-native-safe-area-context Pods/react-native-safe-area-context » RNCSafeAreaContext.mm
› Compiling @sotto/client Pods/ReactAppDependencyProvider » RCTAppDependencyProvider.mm
› Compiling react-native-worklets Pods/RNWorklets » WorkletsModule.mm
› Compiling react-native-screens Pods/RNScreens » RNSConversions.mm
› Compiling react-native-svg Pods/RNSVG » RNSVGCircle.mm
› Compiling react-native-reanimated Pods/RNReanimated » SharedTransitions.cpp
› Compiling react-native-gesture-handler Pods/RNGestureHandler » RNGestureHandlerNativeEventUtils.mm
› Executing expo-modules-jsi Pods/ExpoModulesJSI » [CP] Copy XCFrameworks
› Compiling react-native-safe-area-context Pods/react-native-safe-area-context » RNCSafeAreaViewState.cpp
› Compiling react-native-safe-area-context Pods/react-native-safe-area-context » RNCSafeAreaViewShadowNode.cpp
› Compiling react-native-safe-area-context Pods/react-native-safe-area-context » RNCSafeAreaViewComponentView.mm
› Compiling react-native-safe-area-context Pods/react-native-safe-area-context » RNCSafeAreaProviderComponentView.mm
› Compiling react-native-gesture-handler Pods/RNGestureHandler » RNGestureHandlerModule.mm
› Compiling react-native-gesture-handler Pods/RNGestureHandler » RNGestureHandlerPointerTracker.mm
› Compiling react-native-gesture-handler Pods/RNGestureHandler » RNGestureHandlerManager.mm
› Compiling react-native-screens Pods/RNScreens » UIViewController+RNScreens.mm
› Compiling @sotto/client Pods/ReactCodegen » safeareacontext-generated.mm
› Compiling @sotto/client Pods/ReactCodegen » rnworklets-generated.mm
› Compiling @sotto/client Pods/ReactCodegen » rnsvg-generated.mm
› Compiling @sotto/client Pods/ReactCodegen » rnscreens-generated.mm
› Compiling @sotto/client Pods/ReactCodegen » rnreanimated-generated.mm
› Compiling @sotto/client Pods/ReactCodegen » rngesturehandler_codegen-generated.mm
› Compiling @sotto/client Pods/ReactCodegen » States.cpp
› Compiling @sotto/client Pods/ReactCodegen » States.cpp
› Compiling @sotto/client Pods/ReactCodegen » States.cpp
› Compiling @sotto/client Pods/ReactCodegen » States.cpp
› Compiling @sotto/client Pods/ReactCodegen » States.cpp
› Compiling @sotto/client Pods/ReactCodegen » ShadowNodes.cpp
› Compiling @sotto/client Pods/ReactCodegen » ShadowNodes.cpp
› Compiling @sotto/client Pods/ReactCodegen » ShadowNodes.cpp
› Compiling @sotto/client Pods/ReactCodegen » ShadowNodes.cpp
› Compiling @sotto/client Pods/ReactCodegen » ShadowNodes.cpp
› Compiling @sotto/client Pods/ReactCodegen » RCTUnstableModulesRequiringMainQueueSetupProvider.mm
› Compiling @sotto/client Pods/ReactCodegen » RCTThirdPartyComponentsProvider.mm
› Compiling @sotto/client Pods/ReactCodegen » RCTModulesConformingToProtocolsProvider.mm
› Compiling @sotto/client Pods/ReactCodegen » RCTModuleProviders.mm
› Compiling @sotto/client Pods/ReactCodegen » Props.cpp
› Compiling @sotto/client Pods/ReactCodegen » Props.cpp
› Compiling @sotto/client Pods/ReactCodegen » Props.cpp
› Compiling @sotto/client Pods/ReactCodegen » Props.cpp
› Compiling @sotto/client Pods/ReactCodegen » Props.cpp
› Compiling @sotto/client Pods/ReactCodegen » EventEmitters.cpp
› Compiling @sotto/client Pods/ReactCodegen » EventEmitters.cpp
› Compiling @sotto/client Pods/ReactCodegen » EventEmitters.cpp
› Compiling @sotto/client Pods/ReactCodegen » EventEmitters.cpp
› Compiling @sotto/client Pods/ReactCodegen » EventEmitters.cpp
› Compiling @sotto/client Pods/ReactCodegen » ComponentDescriptors.cpp
› Compiling @sotto/client Pods/ReactCodegen » ComponentDescriptors.cpp
› Compiling @sotto/client Pods/ReactCodegen » ComponentDescriptors.cpp
› Compiling @sotto/client Pods/ReactCodegen » ComponentDescriptors.cpp
› Compiling react-native-screens Pods/RNScreens » RNSTabsScreenViewController.mm
› Compiling react-native-screens Pods/RNScreens » RNSTabsScreenEventEmitter.mm
› Compiling react-native-screens Pods/RNScreens » RNSTabsScreenComponentView.mm
› Compiling react-native-screens Pods/RNScreens » RNSTabsNavigationStateObserverRegistry.mm
› Compiling react-native-screens Pods/RNScreens » RNSTabsHostShadowNode.cpp
› Compiling react-native-screens Pods/RNScreens » RNSTabsHostEventEmitter.mm
› Compiling react-native-screens Pods/RNScreens » RNSTabsHostComponentView.mm
› Compiling react-native-screens Pods/RNScreens » RNSTabsHostComponentView+RNSImageLoader.mm
› Compiling react-native-screens Pods/RNScreens » RNSTabsBottomAccessoryShadowStateProxy.mm
› Compiling react-native-screens Pods/RNScreens » RNSTabsBottomAccessoryShadowNode.cpp
› Compiling react-native-screens Pods/RNScreens » RNSTabsBottomAccessoryHelper.mm
› Compiling react-native-screens Pods/RNScreens » RNSTabsBottomAccessoryEventEmitter.mm
› Compiling react-native-screens Pods/RNScreens » RNSTabsBottomAccessoryContentComponentView.mm
› Compiling react-native-screens Pods/RNScreens » RNSTabsBottomAccessoryComponentView.mm
› Packaging @sotto/client Pods/ReactCodegen » libReactCodegen.a
› Compiling react-native-screens Pods/RNScreens » RNSTabBarController.mm
› Compiling react-native-screens Pods/RNScreens » RNSTabBarAppearanceCoordinator.mm
› Compiling react-native-screens Pods/RNScreens » RNSStackScreenShadowNode.cpp
› Compiling react-native-screens Pods/RNScreens » RNSStackScreenHeaderCoordinator.mm
› Compiling react-native-screens Pods/RNScreens » RNSStackScreenController.mm
› Compiling react-native-screens Pods/RNScreens » RNSStackScreenComponentView.mm
› Compiling react-native-screens Pods/RNScreens » RNSStackScreenComponentEventEmitter.mm
› Compiling react-native-screens Pods/RNScreens » RNSStackOperationCoordinator.mm
› Compiling react-native-screens Pods/RNScreens » RNSStackOperation.mm
› Compiling react-native-screens Pods/RNScreens » RNSStackNavigationController.mm
› Compiling react-native-screens Pods/RNScreens » RNSStackHostComponentView.mm
› Compiling react-native-screens Pods/RNScreens » RNSStackHeaderSubviewShadowNode.cpp
› Compiling react-native-screens Pods/RNScreens » RNSStackHeaderItemSpacerComponentView.mm
› Compiling react-native-screens Pods/RNScreens » RNSStackHeaderItemShadowStateProxy.mm
› Compiling react-native-screens Pods/RNScreens » RNSStackHeaderItemShadowNode.cpp
› Compiling react-native-screens Pods/RNScreens » RNSStackHeaderItemEventEmitter.mm
› Compiling react-native-screens Pods/RNScreens » RNSStackHeaderItemComponentView.mm
› Compiling react-native-screens Pods/RNScreens » RNSStackHeaderConfigShadowStateProxy.mm
› Compiling react-native-screens Pods/RNScreens » RNSStackHeaderConfigShadowNode.cpp
› Compiling react-native-screens Pods/RNScreens » RNSStackHeaderConfigEventEmitter.mm
› Compiling react-native-screens Pods/RNScreens » RNSStackHeaderConfigComponentView.mm
› Compiling react-native-screens Pods/RNScreens » RNSSplitScreenShadowStateProxy.mm
› Compiling react-native-screens Pods/RNScreens » RNSSplitScreenShadowNode.cpp
› Compiling react-native-screens Pods/RNScreens » RNSSplitScreenComponentView.mm
› Compiling react-native-screens Pods/RNScreens » RNSSplitScreenComponentEventEmitter.mm
› Compiling react-native-screens Pods/RNScreens » RNSSplitHostComponentView.mm
› Compiling react-native-screens Pods/RNScreens » RNSSplitHostComponentEventEmitter.mm
› Compiling react-native-screens Pods/RNScreens » RNSSearchBar.mm
› Compiling react-native-screens Pods/RNScreens » RNSScrollViewMarkerComponentView.mm
› Compiling react-native-screens Pods/RNScreens » RNSScreenStackHeaderSubviewShadowNode.cpp
› Compiling react-native-screens Pods/RNScreens » RNSScreenStackHeaderSubview.mm
› Compiling react-native-screens Pods/RNScreens » RNSScreenStackHeaderConfigShadowNode.cpp
› Compiling react-native-screens Pods/RNScreens » RNSScreenStackHeaderConfig.mm
› Compiling react-native-screens Pods/RNScreens » RNSScreenStack.mm
› Compiling react-native-screens Pods/RNScreens » RNSScreenShadowNode.cpp
› Compiling react-native-screens Pods/RNScreens » RNSScreenNavigationContainer.mm
› Compiling react-native-screens Pods/RNScreens » RNSScreenFooter.mm
› Compiling react-native-screens Pods/RNScreens » RNSScreenContentWrapper.mm
› Compiling react-native-screens Pods/RNScreens » RNSScreenContainer.mm
› Compiling react-native-screens Pods/RNScreens » RNSScreen.mm
› Compiling react-native-screens Pods/RNScreens » RNSSafeAreaViewState.cpp
› Compiling react-native-screens Pods/RNScreens » RNSSafeAreaViewShadowNode.cpp
› Compiling react-native-screens Pods/RNScreens » RNSSafeAreaViewComponentView.mm
› Compiling react-native-screens Pods/RNScreens » RNSModule.mm
› Compiling react-native-screens Pods/RNScreens » RNSModalScreenShadowNode.cpp
› Compiling react-native-screens Pods/RNScreens » RNSModalScreen.mm
› Compiling react-native-screens Pods/RNScreens » RNSFullWindowOverlayShadowNode.cpp
› Compiling react-native-screens Pods/RNScreens » RNSFullWindowOverlay.mm
› Compiling react-native-screens Pods/RNScreens » RNSFormSheetHostShadowStateProxy.mm
› Compiling react-native-screens Pods/RNScreens » RNSFormSheetHostShadowNode.cpp
› Compiling react-native-screens Pods/RNScreens » RNSFormSheetHostEventEmitter.mm
› Compiling react-native-screens Pods/RNScreens » RNSFormSheetHostComponentView.mm
› Compiling react-native-screens Pods/RNScreens » RNSFormSheetContentWrapperComponentView.mm
› Compiling react-native-screens Pods/RNScreens » RNSConvert.mm
› Compiling react-native-screens Pods/RNScreens » RNSConversions-Tabs.mm
› Compiling react-native-screens Pods/RNScreens » RNSConversions-Stack.mm
› Compiling react-native-screens Pods/RNScreens » RNSConversions-SplitView.mm
› Compiling react-native-screens Pods/RNScreens » RNSConversions-ScrollViewMarker.mm
› Compiling react-native-screens Pods/RNScreens » RNSConversions-Fabric.mm
› Compiling react-native-svg Pods/RNSVG » RNSVGUse.mm
› Compiling react-native-svg Pods/RNSVG » RNSVGTextPath.mm
› Compiling react-native-svg Pods/RNSVG » RNSVGText.mm
› Compiling react-native-svg Pods/RNSVG » RNSVGTSpan.mm
› Compiling react-native-svg Pods/RNSVG » RNSVGSymbol.mm
› Compiling react-native-svg Pods/RNSVG » RNSVGSvgViewModule.mm
› Compiling react-native-svg Pods/RNSVG » RNSVGSvgView.mm
› Compiling react-native-svg Pods/RNSVG » RNSVGShadowNodes.cpp
› Compiling react-native-svg Pods/RNSVG » RNSVGRenderableModule.mm
› Compiling react-native-svg Pods/RNSVG » RNSVGRect.mm
› Compiling react-native-svg Pods/RNSVG » RNSVGRadialGradient.mm
› Compiling react-native-svg Pods/RNSVG » RNSVGPattern.mm
› Compiling react-native-svg Pods/RNSVG » RNSVGPath.mm
› Compiling react-native-svg Pods/RNSVG » RNSVGNode.mm
› Compiling react-native-svg Pods/RNSVG » RNSVGMask.mm
› Compiling react-native-svg Pods/RNSVG » RNSVGMarker.mm
› Compiling react-native-svg Pods/RNSVG » RNSVGLinearGradient.mm
› Compiling react-native-svg Pods/RNSVG » RNSVGLine.mm
› Compiling react-native-svg Pods/RNSVG » RNSVGImageShadowNode.cpp
› Compiling react-native-svg Pods/RNSVG » RNSVGImage.mm
› Compiling react-native-svg Pods/RNSVG » RNSVGGroup.mm
› Compiling react-native-svg Pods/RNSVG » RNSVGForeignObject.mm
› Compiling react-native-svg Pods/RNSVG » RNSVGFilterPrimitive.mm
› Compiling react-native-svg Pods/RNSVG » RNSVGFilter.mm
› Compiling react-native-svg Pods/RNSVG » RNSVGFeOffset.mm
› Compiling react-native-svg Pods/RNSVG » RNSVGFeMerge.mm
› Compiling react-native-svg Pods/RNSVG » RNSVGFeGaussianBlur.mm
› Compiling react-native-svg Pods/RNSVG » RNSVGFeFlood.mm
› Compiling react-native-svg Pods/RNSVG » RNSVGFeComposite.mm
› Compiling react-native-svg Pods/RNSVG » RNSVGFeColorMatrix.mm
› Compiling react-native-svg Pods/RNSVG » RNSVGFeBlend.mm
› Compiling react-native-svg Pods/RNSVG » RNSVGEllipse.mm
› Compiling react-native-svg Pods/RNSVG » RNSVGDefs.mm
› Compiling react-native-svg Pods/RNSVG » RNSVGConvert.mm
› Compiling react-native-svg Pods/RNSVG » RNSVGClipPath.mm
› Compiling react-native-reanimated Pods/RNReanimated » ReanimatedModuleProxy.cpp
› Compiling react-native-reanimated Pods/RNReanimated » ReanimatedModule.mm
› Compiling react-native-reanimated Pods/RNReanimated » REASharedTransitionBoundaryView.mm
› Compiling react-native-reanimated Pods/RNReanimated » REASharedTransitionBoundaryShadowNode.cpp
› Compiling react-native-reanimated Pods/RNReanimated » PropsDiffer.cpp
› Compiling react-native-reanimated Pods/RNReanimated » NativeProxy.mm
› Compiling react-native-reanimated Pods/RNReanimated » LayoutAnimationsUtils.cpp
› Compiling react-native-reanimated Pods/RNReanimated » LayoutAnimationsProxy_Legacy.cpp
› Compiling react-native-reanimated Pods/RNReanimated » LayoutAnimationsProxy_Experimental.cpp
› Compiling react-native-gesture-handler Pods/RNGestureHandler » RNGestureHandlerDetectorShadowNode.cpp
› Compiling react-native-gesture-handler Pods/RNGestureHandler » RNGestureHandlerDetector.mm
› Compiling react-native-gesture-handler Pods/RNGestureHandler » RNGestureHandlerButtonComponentView.mm
› Preparing Pods/RNSVG-RNSVGFilters » ResourceBundle-RNSVGFilters-RNSVG-Info.plist
› Packaging react-native-safe-area-context Pods/react-native-safe-area-context » libreact-native-safe-area-context.a
› Packaging @sotto/client Pods/ReactAppDependencyProvider » libReactAppDependencyProvider.a
› Packaging react-native-worklets Pods/RNWorklets » libRNWorklets.a
› Packaging react-native-screens Pods/RNScreens » libRNScreens.a
› Packaging react-native-svg Pods/RNSVG » libRNSVG.a
› Executing expo-modules-core Pods/ExpoModulesCore » [CP-User] [Expo] Resolve ExpoModulesCore dSYM source maps
› Executing react-native-screens Pods/RNScreens » Copy generated compatibility header
› Executing expo-modules-core Pods/ExpoModulesCore » [CP-User] [Expo] Switch ExpoModulesCore XCFramework for build configuration
› Executing expo-modules-core Pods/ExpoModulesCore » [CP] Copy XCFrameworks
› Executing expo-modules-core Pods/ExpoModulesWorklets » [CP-User] [Expo] Resolve ExpoModulesWorklets dSYM source maps
› Executing expo-font Pods/ExpoFont » [CP-User] [Expo] Resolve ExpoFont dSYM source maps
› Executing expo-file-system Pods/ExpoFileSystem » [CP-User] [Expo] Resolve ExpoFileSystem dSYM source maps
› Executing expo-symbols Pods/ExpoSymbols » Copy generated compatibility header
› Executing expo-sharing Pods/ExpoSharing » Copy generated compatibility header
› Executing expo-linking Pods/ExpoLinking » Copy generated compatibility header
› Executing expo-keep-awake Pods/ExpoKeepAwake » Copy generated compatibility header
› Executing expo-glass-effect Pods/ExpoGlassEffect » Copy generated compatibility header
› Executing @expo/dom-webview Pods/ExpoDomWebView » Copy generated compatibility header
› Executing expo-document-picker Pods/ExpoDocumentPicker » Copy generated compatibility header
› Executing expo-audio Pods/ExpoAudio » Copy generated compatibility header
› Executing expo-asset Pods/ExpoAsset » Copy generated compatibility header
› Executing @siteed/audio-studio Pods/AudioStudio » Copy generated compatibility header
› Preparing expo-constants Pods/EXConstants-EXConstants » ResourceBundle-EXConstants-EXConstants-Info.plist
› Preparing Pods/EXConstants-ExpoConstants_privacy » ResourceBundle-ExpoConstants_privacy-EXConstants-Info.plist
› Executing expo-modules-core Pods/ExpoModulesWorklets » [CP-User] [Expo] Switch ExpoModulesWorklets XCFramework for build configuration
› Executing expo-font Pods/ExpoFont » [CP-User] [Expo] Switch ExpoFont XCFramework for build configuration
› Executing expo-file-system Pods/ExpoFileSystem » [CP-User] [Expo] Switch ExpoFileSystem XCFramework for build configuration
› Executing expo-modules-core Pods/ExpoModulesWorklets » [CP] Copy XCFrameworks
› Executing expo-font Pods/ExpoFont » [CP] Copy XCFrameworks
› Executing expo-file-system Pods/ExpoFileSystem » [CP] Copy XCFrameworks
› Executing expo Pods/Expo » Copy generated compatibility header
› Executing expo-constants Pods/EXConstants » [CP-User] Generate app.config for prebuilt Constants.manifest
› Executing @expo/ui Pods/ExpoUI » Copy generated compatibility header
› Executing expo-constants Pods/EXConstants » Copy generated compatibility header
› Compiling expo-sqlite Pods/ExpoSQLite » sqlite3.c
› Compiling expo-router Pods/ExpoRouter » ExpoRouter-dummy.m
› Packaging expo-router Pods/ExpoRouter » libExpoRouter.a
› Executing expo-router Pods/ExpoRouter » Copy generated compatibility header
› Packaging react-native-gesture-handler Pods/RNGestureHandler » libRNGestureHandler.a
› Packaging react-native-reanimated Pods/RNReanimated » libRNReanimated.a
› Packaging expo-sqlite Pods/ExpoSQLite » libExpoSQLite.a
› Executing expo-sqlite Pods/ExpoSQLite » Copy generated compatibility header
› Compiling Pods/Pods-Sotto » Pods-Sotto-dummy.m
› Packaging Pods/Pods-Sotto » libPods-Sotto.a
› Executing Sotto » [CP] Check Pods Manifest.lock
› Executing Sotto » [Expo] Configure project
› Linking   Sotto » __preview.dylib
› Copying   ./PrivacyInfo.xcprivacy ➜ ios/Sotto/PrivacyInfo.xcprivacy
› Preparing Sotto » Info.plist
› Compiling Sotto » Sotto_vers.c
› Linking   Sotto » Sotto.debug.dylib

⚠️  (ios/Sotto.xcodeproj:)


ignoring duplicate libraries: '-lc++'
(warning truncated)
› Generating debug Sotto » Sotto.app.dSYM
› Linking   Sotto » Sotto
› Generating debug Sotto » Sotto.app.dSYM
› Executing Sotto » Bundle React Native code and images
› Executing Sotto » [CP] Copy Pods Resources
› Executing Sotto » [CP] Embed Pods Frameworks
› Signing   Sotto » Sotto.debug.dylib
› Signing   Sotto » __preview.dylib
› Signing   Sotto » Sotto.app
› Build Succeeded

› 0 error(s), and 1 warning(s)

Waiting on http://localhost:8081
› Installing /Users/noelturlington/Library/Developer/Xcode/DerivedData/Sotto-dkgdfohbsoeqawfbrwqltakvrmjl/Build/Products/Debug-iphonesimulator/Sotto.app
› Installing on iPhone 17 Pro
› Opening on iPhone 17 Pro (xyz.noelturlington.sotto)
› Opening xyz.noelturlington.sotto://expo-development-client/?url=http%3A%2F%2F192.168.1.26%3A8081 on iPhone 17 Pro
