=== en-aesop-fables 13:31:25
sotto-content word-audio summary:
bookId  |  locale  |  words  |  fallback  |  format  |  bytes  |  lowBitrate
en-aesop-fables  |  en-US  |  222  |  0  |  mp3  |  2271789  |  no
=== en-alice-rabbit-hole 13:41:15
sotto-content word-audio summary:
bookId  |  locale  |  words  |  fallback  |  format  |  bytes  |  lowBitrate
en-alice-rabbit-hole  |  en-US  |  412  |  0  |  mp3  |  4213773  |  no
=== en-oz-cyclone 13:54:57
sotto-content word-audio summary:
bookId  |  locale  |  words  |  fallback  |  format  |  bytes  |  lowBitrate
en-oz-cyclone  |  en-US  |  439  |  0  |  mp3  |  4509549  |  no
=== es-lazarillo 14:03:39
sotto-content word-audio summary:
bookId  |  locale  |  words  |  fallback  |  format  |  bytes  |  lowBitrate
es-lazarillo  |  es-419  |  482  |  0  |  mp3  |  5385069  |  no
=== es-licenciado-vidriera 14:19:28
sotto-content word-audio summary:
bookId  |  locale  |  words  |  fallback  |  format  |  bytes  |  lowBitrate
es-licenciado-vidriera  |  es-419  |  255  |  0  |  mp3  |  2832237  |  no
=== es-monte-de-las-animas 14:28:25
sotto-content word-audio summary:
bookId  |  locale  |  words  |  fallback  |  format  |  bytes  |  lowBitrate
es-monte-de-las-animas  |  es-419  |  252  |  0  |  mp3  |  2789613  |  no
=== es-quijote-molinos 14:31:00
sotto-content word-audio summary:
bookId  |  locale  |  words  |  fallback  |  format  |  bytes  |  lowBitrate
es-quijote-molinos  |  es-419  |  483  |  0  |  mp3  |  5319981  |  no
=== fr-cendrillon 14:48:26
sotto-content word-audio summary:
bookId  |  locale  |  words  |  fallback  |  format  |  bytes  |  lowBitrate
fr-cendrillon  |  fr-FR  |  269  |  0  |  mp3  |  2797389  |  no
=== fr-chat-botte 14:53:00
sotto-content word-audio summary:
bookId  |  locale  |  words  |  fallback  |  format  |  bytes  |  lowBitrate
fr-chat-botte  |  fr-FR  |  444  |  0  |  mp3  |  4710285  |  no
=== fr-chevre-de-m-seguin 14:56:32
sotto-content word-audio summary:
bookId  |  locale  |  words  |  fallback  |  format  |  bytes  |  lowBitrate
fr-chevre-de-m-seguin  |  fr-FR  |  293  |  0  |  mp3  |  3100653  |  no
=== fr-fables-la-fontaine 14:59:17
sotto-content word-audio summary:
bookId  |  locale  |  words  |  fallback  |  format  |  bytes  |  lowBitrate
fr-fables-la-fontaine  |  fr-FR  |  449  |  0  |  mp3  |  4737645  |  no
=== it-pinocchio-inizio 15:03:07
sotto-content word-audio summary:
bookId  |  locale  |  words  |  fallback  |  format  |  bytes  |  lowBitrate
it-pinocchio-inizio  |  it-IT  |  339  |  0  |  mp3  |  4152717  |  no
=== pt-jabuti-onca 15:08:14
sotto-content word-audio summary:
bookId  |  locale  |  words  |  fallback  |  format  |  bytes  |  lowBitrate
pt-jabuti-onca  |  pt-BR  |  209  |  0  |  mp3  |  2359917  |  no
=== zh-chengyu-stories 15:10:40
sotto-content word-audio summary:
bookId  |  locale  |  words  |  fallback  |  format  |  bytes  |  lowBitrate
zh-chengyu-stories  |  zh-CN  |  117  |  0  |  mp3  |  1232973  |  no
=== zh-chengyu-stories-hant 15:12:30
sotto-content word-audio summary:
bookId  |  locale  |  words  |  fallback  |  format  |  bytes  |  lowBitrate
zh-chengyu-stories-hant  |  zh-TW  |  117  |  0  |  mp3  |  1230381  |  no
DONE 15:13:29
